error: base type 'mask' does not accept argument list
bus.fbd +1:14
   |
 1 | type my_mask mask(A=2)
   |              ^^^^
