bus.fbd:3:7: redefinition of constant 'A', first definition line 1 column 7
