bus.fbd:2:25: unterminated binary bit string, probably missing '"'
   |
 2 | 	c config; init-value = b"1100
   | 	                       ^^^^^^
