bus.fbd:2:6: unexpected ], expected expression
   |
 2 | 	st []status
   | 	    ^
