error: unknown function 'foo'
bus.fbd +2:21
   |
 2 |   c config; width = foo()
   |                     ^^^
