error: extra space at line end
bus.fbd +1:9
   |
 1 | Main bus 
   |         ^
