error: 'memory' must have 'size' property set
bus.fbd +2:2
   |
 2 | 	M memory
   | 	^
