error: unexpected ']', expected expression
bus.fbd +2:7
   |
 2 |   st []status
   |       ^
