bus.fbd:4:3: cannot instantiate 'P' functionality: all 'stream' inner elements must be of the same base type and must be 'param' or 'return', 'P' base type is 'param'
