bus.fbd:2:6: redefinition of type 't', first definition line 1 column 6
   |
 2 | type t static
   |      ^
