bus.fbd: line 4: 'Main' instantiation: argument 'm' assigned at least twice in argument list
