error: all values in range property list must be of type integer, value with index 1 is of type string
bus.fbd +2:20
   |
 2 | 	C config; range = [1, "7"]
   | 	                  ^^^^^^^^
