error: negative value of left shift -1
bus.fbd +2:25
   |
 2 | 	C config; width = 1 << -1
   | 	                       ^^
