bus.fbd:2:3: type 'abc' not found in package 'main'
