bus.fbd:1:14: base type 'mask' does not accept argument list
