bus.fbd: line 1: bus instantiation must be named 'main' and must be placed in 'main' package
