bus.fbd:2:25: unterminated hex bit string, probably missing '"'
   |
 2 | 	c config; init-value = x"1100; width = 64
   | 	                       ^^^^^^
