bus.fbd:2:25: unterminated octal bit string, probably missing '"'
   |
 2 | 	c config; init-value = o"1100 ; width = 64
   | 	                       ^^^^^^
