bus.fbd: line 2: instantiating element 'C': bus.fbd: line 2: 'range' property must be of type 'integer or [integer]', current type 'string'
