error: redeclaration of 'A' parameter
bus.fbd +1:17
   |
 1 | type my_mask(A, A) mask
   |                 ^
