bus.fbd:6:3: cannot instantiate 'R' functionality: all 'stream' inner functionalities must be of the same base type and must be 'param' or 'return', 'R' base type is 'return'
