bus.fbd: line 2: instantiating element 'i': bus.fbd: line 3: 'in-trigger' property must be "Edge" or "Level", current value ("abc")
