error: reinstantiation of 's', first instantiation line 2 column 3
bus.fbd +3:3
   |
 3 |   s static
   |   ^
