error: extra 5 spaces at line end
bus.fbd +3:1
   |
 3 |      
   | ^^^^^
