bus.fbd: line 1: 'my_mask' element type definition: parameter 'A' defined at least twice
